// Jest Snapshot v1, https://goo.gl/fbAQLP

exports[`render configured tab 1`] = `
<div
  className="root test-class"
  data-rttabs={true}
  onClick={[Function]}
  onKeyDown={[Function]}
  style={
    Object {
      "--tabs-border": "solid",
      "--tabs-border-color": "red",
      "--tabs-border-radius": "5px",
      "--tabs-border-width": "10px",
      "marginBottom": "10px",
      "marginLeft": "10px",
      "marginRight": "10px",
      "marginTop": "10px",
      "paddingBottom": "10px",
      "paddingLeft": "10px",
      "paddingRight": "10px",
      "paddingTop": "10px",
    }
  }
>
  <div
    className={null}
  >
    <ul
      className="navigationRight"
      onMouseDown={[Function]}
      onMouseLeave={[Function]}
      onMouseMove={[Function]}
      onMouseUp={[Function]}
      role="tablist"
    >
      <li
        aria-controls="panel:r0:0"
        aria-disabled="false"
        aria-selected="true"
        className="header selected"
        data-rttab={true}
        id="tab:r0:0"
        role="tab"
        tabIndex="0"
      >
        Tab 1
      </li>
    </ul>
  </div>
  <div
    className="contentRight"
    style={
      Object {
        "minHeight": "300px",
        "textAlign": undefined,
      }
    }
  >
    <div
      aria-labelledby="tab:r0:0"
      className="panel panelSelected"
      id="panel:r0:0"
      role="tabpanel"
    >
      <div>
        Tab 1 content
      </div>
    </div>
  </div>
</div>
`;

exports[`render tabs with no props 1`] = `null`;
